test/Spec/BasicExample/BasicExample.hs:4: unrelated
