main: test/Spec/ConfigInstanceModules/Module1.hs:3:24: (Instance) :: Show T
main: test/Spec/ConfigInstanceModules/Module2.hs:3:30: (Instance) :: Bounded T
