main: test/Spec/DeriveGeneric/DeriveGeneric.hs:12:7: (Instance) :: FromJSON T
