main: test/Spec/RootClasses/RootClasses.hs:5:34: (Instance) :: Enum T
