test/Spec/StandaloneDeriving/StandaloneDeriving.hs:6: (Instance) :: Show A
