main: test/Spec/TypesUnused/TypesUnused.hs:6:1: Modulo1
main: test/Spec/TypesUnused/TypesUnused.hs:8:1: Number
main: test/Spec/TypesUnused/TypesUnused.hs:10:1: Vector
main: test/Spec/TypesUnused/TypesUnused.hs:12:1: Family
